// Jest Snapshot v1, https://goo.gl/fbAQLP

exports[`Card render coorectly 1`] = `
<div
  className="css-1y7yulv"
/>
`;
